[veins.design/effect/web/balls-cube.html]
[backblue.gif]
[fade.gif]
[index.html]
[veins.design/Content/metro4/css/metro-all.min93e3.css]
[veins.design/Content/spectrum/css/spectrum.min.css]
[veins.design/Content/desktop3499.css]
[veins.design/Scripts/jquery/jquery-3.5.1.min.js]
[veins.design/Content/spectrum/js/spectrum.min.js]
[veins.design/Content/metro4/js/metro.min93e3.js]
[veins.design/Scripts/utils/full-screen.js]
[veins.design/Scripts/utils/common.js]
[veins.design/Scripts/utils/desktop1b6f.js]
[veins.design/Scripts/3d/three.min.js]
[veins.design/Scripts/3d/Detector.js]
[veins.design/Scripts/stats.min.js]
[veins.design/Scripts/effects/balls-cube.js]
[veins.design/effect/web/balls-cube.html]
[veins.design/Content/metro4/css/metro-all.min93e3.css]
[veins.design/Content/spectrum/css/spectrum.min.css]
[veins.design/Content/desktop3499.css]
[veins.design/Scripts/jquery/jquery-3.5.1.min.js]
[veins.design/Content/metro4/js/metro.min93e3.js]
[veins.design/Content/spectrum/js/spectrum.min.js]
[veins.design/Scripts/utils/full-screen.js]
[veins.design/Scripts/utils/common.js]
[veins.design/Scripts/utils/desktop1b6f.js]
[veins.design/Scripts/3d/three.min.js]
[veins.design/Scripts/3d/Detector.js]
[veins.design/Scripts/stats.min.js]
[veins.design/Content/textures/sprites/circle.png]
[veins.design/Scripts/effects/balls-cube.js]
[veins.design/effect/web/GET.html]
[veins.design/effect/web/THREE.CanvasRenderer has been moved to/examples/js/renderers/CanvasRenderer.html]
[veins.design/effect/web/THREE.SceneUtils has been moved to/examples/js/utils/SceneUtils.html]
[veins.design/effect/web/THREE.LensFlare has been moved to/examples/js/objects/Lensflare.html]
[hm.baidu.com/hm2185.js]
